// Jest Snapshot v1, https://goo.gl/fbAQLP

exports[`renders correctly 1`] = `
<div
  className=""
>
  <div
    className="column"
  >
    <AddButton />
  </div>
  <div
    className="column"
  >
    <div
      className="box"
    >
      <div
        className="columns"
      >
        <div
          className="column"
        >
          <div
            className="columns is-mobile"
          >
            <div
              className="column"
            >
              ExampleLN
            </div>
            <div
              className="column"
            >
              ExampleFN
            </div>
          </div>
        </div>
        <div
          className="column"
        >
          <div
            className="columns is-mobile"
          >
            <div
              className="column"
            >
              <DetailsButton
                contact={
                  Object {
                    "_id": "testID123",
                    "country": "US",
                    "email": "fn.ln@gmail.com",
                    "firstName": "ExampleFN",
                    "lastName": "ExampleLN",
                  }
                }
              />
            </div>
            <div
              className="column"
            >
              <DeleteButton
                deleteContact={[Function]}
              />
            </div>
          </div>
        </div>
      </div>
    </div>
  </div>
</div>
`;
